[    0.000000] Iitliing cgrop ubsy cset   0.000 Initializig cgoususys cpu
[    0.000000] Initializing cgoup subsys cpuac
   00000 Linux veion 4.36-ger (buildd@lcy-01)gcversio5..0 2016060 (Ubuntu 54.-6ubuntu~1.04.2) )55UbuntuMPThu Au1118:0:5UT 26 bunt4.0-36.5geeric.46)
[    0.000000] Commndline: BOT_MAGE=/oovmlinuz-4.-36-nec ro=LEL=cloudmgootfs  cnsol=t1 onsolety0
[   00000] KERL suppord pus:
[   0.00000]   teGenueIel
[    0.00000  MD AutntAMD
[   000000] Cetaur CentaurHauls
[    0.000000] --------[ c hre ]----------
    0.0000WAING:CP 0PID: 0t buillix-a2Ebinux-4.4.0/ach/x86erl/fpu/ta.c:517pu_init_st_xstat0x8b/0x75a
    0.000000 XAVE coisencyprle, duin laves
  0.0000 Mdules linkd in
[   0.000000]CPU:0 D:0 Commswpperotainted.4-36-enic#55-Ubun
[  00000  00000000086 baaf44cb8243 fffffffe0d80 fffff8133b
[    0.0000] fffff8e0c8ffffff1c28b0 ffffff81e0b8ffffff8110f2
  0.00000]ffffff1e3e48 ffffffff81e03e4c 000000000008 000000000000[   0.000] Call ace:
[  0000000 [ffffff3f13>]ump_stk+63/0x90[   .0000] [ffffff81812> warn_slpath_cmo0x82xc
[    0000]  [<ffffffff8108118] warn_slopah_fm0x/0x8
[  0.000000 [<ffff8107cec]  xfeatreize+0x/077
[  0000000 [ffffffff81f6f03>fp_inisyem_xste+38b/75
[    .0000]  [<ffffff81a10>] ? early_idt_handler_rr+0x1200x0
[   .0000]  ffffff1f86e>fp_init_syem0x10d/24
[    0.0000]  ffffff81f6b977>] early_cpu_init+0x139/013
[   .000] <fffff1f6b977> ?arlycp_ini+0x139x1e
[   0000  fffffff66e>]etuprc0xb40xe
[  0000] <fffffff1fa120>] erly_t_ndleary+0x120/x1
[    0.00000]  [fffffff574>] start_kernel+xe0xa2
  0.0000] <ffffff81f5a120>] ?eay_dt_hanerrray+0200x120   0.000000]  [<fffffff5a339>] x86_64_start_reservations+0a/x2c   0000]  [<ffff81f585] x86__srt_kernel+0x14a/0x16d
[    0.000 ---[ entrce 4d59ff68c33---   0.000 CPUIDd,0]: eax=00000007 e=000440 ecx=000440 e=000000    0.00] CPIDd,01 e=000000 bx=000003cec=00000000 e=000000[    00000] CPUID[0d, ]:ax=0000 eb=00040 ecx=00000000 edx=000000
  0.000000CPID[0d, 03]: eax=000000 ebx=0000000 e=00000 e=00000000
[    0.000000] CPUD[0d, 04]: eax=00000000 ebx=000000 ex=00000 dx=00000
[   0.000] CPU[0, 05: x=000000 e=00000000 ec=00000000 edx=00000000
  0.0000CPUID[, ]: eax=000000 x=000000 ecx=00000 edx=000000[   .0000]CPD[d, 07]: eax=000000 e=00000 ex=0000 edx=0000
[    0.00000] UI[0d, 0: ax=0000 eb000000ec000000dx000000
   0.000000] CPUIDd,09]: eax00000 eb000000 ecx=00000000 edx=00000
[    0.000000] CPUID[0d, 0a]: x=000000 ex=0000 e=0000000ed=00000000
[    00000] CPUID0d, ]:ax=0000 ebx=00000 x=0000 e=00000000
[    0.000000] CPUID[0 0: eax=000000 ebx00000 ec000000ed000000
    0000] CPU[0, 0d e=00000000 eb=00000000 ecx=000000 edx00000
[  000000]PUD[0d 0: ax=0000000ebx=00000000 ecx=00000edx=000000
[   .0000] CPU[0d, 0f]ea=000000 bx=00000 ecx=00000000 edx=00000000
[    0000] CPUID[0d,10]: e=00000 e=00000ecx=000000edx=000000
[   0.00000] CPUID[0d, 11]: eax=0000000 x=00000 x=0000 edx=0000
[    0.00000]86pu: ta_offset[2]  76, xstae_izes]:256   0.000 x86puSupprtg SAVE featue 0x01: x87 floainpont rests'
[  000000] x86pu: ppting XAVfeture 02:'SSErestrs'
[    .00000 x/fpu: Supoing XSAVfetue 04 'AVrester
   00000 x86/fpu: Enabled xstate features 7,onte se is 18 tes, ung'staar forat
[   0.0000]x86/fpu: Using 'lazy' U ontext stches.
[    0.000000]e80: BS-ovided physical RA m:
[  000000] OSe820: [mem 000000000000-0x00000009ff] ubl
[    0000] BI-e20: emx00000009fc00-0x000000009fff] rerv
[    0.000000] BIOS-e820: [memx000000000f000-0x00000000000fffff] reserved   0.000000]IOS-20[mem 0x000000000000-0x000000003ffefff]sale
  .0000]IOS-e820: [mem 0000003fff0000x00003fffffff] ACI data
   0.000] BIOSe8: [mem 00000ff0000-000000000ffffffreserv
    0.000000] NX (Execute Disae)rotection: atie
[   .00000] BIS 2.5 esnt.   0.00000 Hypvir dect: KVM
[   .00000 e20: last_p = 0ff max_arc_pfn = 0x400000000
[    0000] x/P: Cofiraion -7 WB  WC  UC- UC  WB  WC  UC-T 
[    0000] MTR Dsabld    .000] CPMTs all an - vrtlied sysm.
[    0.00000] found SMP MP-tablat[mem 000fff00x09ff mped at [ffff880009f0]
[    0.00000 Snning 1 aasfor low meory rrtion[   0.000000] RAMDSK: [me0x371b80-0378d3f]
[    00000]CP: Early tae chks verificti disabled
[   0.00] AC: DP 0x0000000E00 00024 02VBOX  )
[    0.000000] ACPI:SD0x000000FFF0030 003C (v0VBX   VBXST 0000 ASL  0061)
[    0.0000] ACPI:ACP 0x000003FF0F0000F4v0 VBOX VBXFAC0000001 ASL  000001)
[   .00000] ACPI: SDT 0x00000003FFF0470 002118 (v01 VBOX VXBIOS 0002 INTL 20160108)
[  .000] ACPI: FACSx0000003FFF020 00004
[   0.000000]CPI: FS 000000003FFF00 0000[    00000] PIAPICx0000003FF24 00005C (v02VBOX  BOAPIC 00000001 ASL  00000061)
  0.0000 AI: SSDT 0x000000003FFF02A0 00CCv01 VBOX   VBOCPUT00002 INTL 2016018)
[   000000] No NUMA configurationfoun
[  0.000000] Faking a nodat[mem0x000000000-0x000000003ffeffff]
[    0.00000] NODEDATA) locad mem 0xfe00-0fffff]
[  0000000] kv-clo: ing rsb564d0an4b56d0
[   0000] kvmlo: cpu 0,sr0:3ffe01 primary cpu cock
[   000000kv-clok:sig scd fsetf 59189971 cycs
[   .0000] clocksource: kvm-clock: mask: 0xfffffffffffff max_cycles:0x1c2effb,maide_ns 859591483 ns
[   0.0000]Zone ranges
[  0.0000] DM     [m x0000000001000x00000000ffffff]
[   0.000]  MA    [mem 0x000000010000-0x00003ffeff
[    00000] Nomal emy
[   00000] Dice  ety
[    0.0000] Movablezoneta foracnode
  0.0000] Early memryod ranges
[    0.00000  node 0[mem 000000000100-0x0000009efff][    0.000000]  no  0: [m 000000100000-000000003ffefff]
[    00000] item stupod 0 [m 0x0000000010-0000000fefff]
  0.000000] ACPI PM-meIO Pt:x400
[  0.0000] OAPIC[0]:apc_id 2, rsion 17, address 0xfec00000, SI 0-23
[    0.00000] CPI: INT_SRC_OVR (bus 0 us_iq global_iq dfl l)
[    0.000000] ACPI: INT_SRC_R us 0 bus_irq 9 glol_q 9 highlel)
[  000000]sig ACPI (MADT) for SMP confguration iformio
[    0.000000] smpboot:llwing 2PU, 0 tpg CPUs
[    0.000000] PMReistered nosave memory: [m x00000000-0x00000fff]
[  0000000PM Regted noveemory: [m x0009f000-0x0009ffff]
[    0.0000]PM: Registered navmemory: em0x000a000x000eff
[   0.0000] PM: Regsteredosve memy:mem 000000-0x000fffff][   0.00] e8: em 0x40000-0fffff] ailble for PCI evic
   00000] Booting paravirtualized kerneln VM
[    0.000000] clocksource: reinedifes: sk0xffffffff max_cle 0xffffff,maid_ns: 7559600118 s
[    0.000000] setuperpuNRPUS:256 nr_cpumaskit:256nrpu_ids:2 nr_noe_ids:
[    0.00] PERCPUEmedded 33 pge/cpu@ff800c000 s98008 r892 d288 10486[    0.000000] PV qspioc hash table entries: 256order: 0, 4096 bytes)
[   .000000]uilt 1 zelsts inodeorder,oblity grouping on.  Total pages: 79
[   .0000] Policy zone: DM2
[  000000] rnl command lne: BO_IGE=/boot/vlinu4.0-36enic rooLAL=cloudimg-rootfs ro csoe=tty1 conole=yS
[    00000] D sh tab eries: 40 (rder3,2768 byt)
[  000000Mery: 1005360K/1048120K available (839 kernecoe, 182rwata,94 roda,480K init,292Kss42760Krervd, 0K cma-reserved)
[    .000000] SLUB: HWalign64, Orr=3, Minjets=0, CPUs=2, Nodes=1
[   0.000 Hierahial R ilemetaon
[  00000 	ild-time adjustmt  leaf fano to 64.
[    0.000000]	RCU resicng CPUs fr NR_US56 to _c_ids=2.
[   0.00] RC Austingeotry forc_fanoule=64, n_c_ids=2[   0000] NR_IQS6640 nirs:4416
[  000000] nsole: couVGA+ 80x
    .000] cool[tty1 ebld
[  00000 csole [ty] naed
[    0.000000] tsc: Detected 2808.016 MHz processor
[   44.653101] Calibrating delay loop (skipped) preset value.. 5616.03 BogoMIPS (lpj=11232064)
[   44.853897] pid_max: default: 32768 minimum: 301
[   44.966400] ACPI: Core revision 20150930
[   45.081410] ACPI: 2 ACPI AML tables successfully acquired and loaded
[   45.230502] Security Framework initialized
[   45.338924] Yama: becoming mindful.
[   45.422157] AppArmor: AppArmor initialized
[   45.510748] Dentry cache hash table entries: 131072 (order: 8, 1048576 bytes)
[   45.667990] Inode-cache hash table entries: 65536 (order: 7, 524288 bytes)
[   45.847461] Mount-cache hash table entries: 2048 (order: 2, 16384 bytes)
[   46.022563] Mountpoint-cache hash table entries: 2048 (order: 2, 16384 bytes)
[   46.196138] Initializing cgroup subsys io
[   46.305793] Initializing cgroup subsys memory
[   46.411876] Initializing cgroup subsys devices
[   46.522396] Initializing cgroup subsys freezer
[   46.650429] Initializing cgroup subsys net_cls
[   46.772813] Initializing cgroup subsys perf_event
[   46.894034] Initializing cgroup subsys net_prio
[   47.011832] Initializing cgroup subsys hugetlb
[   47.125340] Initializing cgroup subsys pids
[   47.235556] CPU: Physical Processor ID: 0
[   47.323895] CPU: Processor Core ID: 0
[   47.404356] mce: CPU supports 0 MCE banks
[   47.499320] Last level iTLB entries: 4KB 64, 2MB 8, 4MB 8
[   47.633945] Last level dTLB entries: 4KB 64, 2MB 0, 4MB 0, 1GB 4
[   47.786956] Freeing SMP alternatives memory: 28K (ffffffff820b4000 - ffffffff820bb000)
[   47.998007] ftrace: allocating 31996 entries in 125 pages
[   48.171988] smpboot: Max logical packages: 1
[   48.280922] smpboot: APIC(0) Converting physical 0 to logical package 0
[   48.469919] ..TIMER: vector=0x30 apic1=0 pin1=2 apic2=-1 pin2=-1
[   48.729863] smpboot: CPU0: Intel(R) Core(TM) i7-6600U CPU @ 2.60GHz (family: 0x6, model: 0x4e, stepping: 0x3)
[   48.985297] Performance Events: unsupported p6 CPU model 78 no PMU driver, software events only.
[   49.213746] KVM setup paravirtual spinlock
[   49.307183] x86: Booting SMP configuration:
[   49.417186] .... node  #0, CPUs:      #1
[   49.502534] kvm-clock: cpu 1, msr 0:3ffe7041, secondary cpu clock
[   49.512596] mce: CPU supports 0 MCE banks
[   49.517618] x86: Booted up 1 node, 2 CPUs
[   49.612888] smpboot: Total of 2 processors activated (11232.06 BogoMIPS)
[   49.758621] devtmpfs: initialized
[   49.819103] evm: security.selinux
[   49.878004] evm: security.SMACK64
[   49.970741] evm: security.SMACK64EXEC
[   50.077010] evm: security.SMACK64TRANSMUTE
[   50.190041] evm: security.SMACK64MMAP
[   50.267168] evm: security.ima
[   50.348714] evm: security.capability
[   50.438373] clocksource: jiffies: mask: 0xffffffff max_cycles: 0xffffffff, max_idle_ns: 7645041785100000 ns
[   50.686044] pinctrl core: initialized pinctrl subsystem
[   50.762690] RTC time: 10:47:42, date: 09/16/16
[   50.879829] NET: Registered protocol family 16
[   51.007589] cpuidle: using governor ladder
[   51.131734] cpuidle: using governor menu
[   51.213062] PCCT header not found.
[   51.298782] ACPI: bus type PCI registered
[   51.407399] acpiphp: ACPI Hot Plug PCI Controller Driver version: 0.5
[   51.584396] PCI: Using configuration type 1 for base access
[   51.720784] ACPI: Added _OSI(Module Device)
[   51.826502] ACPI: Added _OSI(Processor Device)
[   51.941090] ACPI: Added _OSI(3.0 _SCP Extensions)
[   52.007610] ACPI: Added _OSI(Processor Aggregator Device)
[   52.141717] ACPI: Executed 1 blocks of module-level executable AML code
[   52.294128] ACPI: Interpreter enabled
[   52.377463] ACPI Exception: AE_NOT_FOUND, While evaluating Sleep State [\_S1_] (20150930/hwxface-580)
[   52.590835] ACPI Exception: AE_NOT_FOUND, While evaluating Sleep State [\_S2_] (20150930/hwxface-580)
[   52.808403] ACPI Exception: AE_NOT_FOUND, While evaluating Sleep State [\_S3_] (20150930/hwxface-580)
[   53.039496] ACPI Exception: AE_NOT_FOUND, While evaluating Sleep State [\_S4_] (20150930/hwxface-580)
[   53.291746] ACPI: (supports S0 S5)
[   53.356436] ACPI: Using IOAPIC for interrupt routing
[   53.446089] PCI: Using host bridge windows from ACPI; if necessary, use "pci=nocrs" and report a bug
[   53.661439] ACPI: PCI Root Bridge [PCI0] (domain 0000 [bus 00-ff])
[   53.799003] acpi PNP0A03:00: _OSC: OS supports [ASPM ClockPM Segments MSI]
[   53.932130] acpi PNP0A03:00: _OSC failed (AE_NOT_FOUND); disabling ASPM
[   54.095475] acpi PNP0A03:00: fail to add MMCONFIG information, can't access extended PCI configuration space under this bridge.
[   54.417571] PCI host bridge to bus 0000:00
[   54.537846] pci_bus 0000:00: root bus resource [io  0x0000-0x0cf7 window]
[   54.709641] pci_bus 0000:00: root bus resource [io  0x0d00-0xffff window]
[   54.858551] pci_bus 0000:00: root bus resource [mem 0x000a0000-0x000bffff window]
[   55.023426] pci_bus 0000:00: root bus resource [mem 0x40000000-0xffdfffff window]
[   55.174659] pci_bus 0000:00: root bus resource [bus 00-ff]
[   55.302234] pci 0000:00:01.1: legacy IDE quirk: reg 0x10: [io  0x01f0-0x01f7]
[   55.485253] pci 0000:00:01.1: legacy IDE quirk: reg 0x14: [io  0x03f6]
[   55.658004] pci 0000:00:01.1: legacy IDE quirk: reg 0x18: [io  0x0170-0x0177]
[   55.856698] pci 0000:00:01.1: legacy IDE quirk: reg 0x1c: [io  0x0376]
[   56.070296] ACPI: PCI Interrupt Link [LNKA] (IRQs 5 9 10 11) *0, disabled.
[   56.196988] ACPI: PCI Interrupt Link [LNKB] (IRQs 5 9 10 *11)
[   56.300710] ACPI: PCI Interrupt Link [LNKC] (IRQs 5 9 *10 11)
[   56.430817] ACPI: PCI Interrupt Link [LNKD] (IRQs 5 *9 10 11)
[   56.554729] ACPI: Enabled 2 GPEs in block 00 to 07
[   56.645935] vgaarb: setting as boot device: PCI:0000:00:02.0
[   56.774129] vgaarb: device added: PCI:0000:00:02.0,decodes=io+mem,owns=io+mem,locks=none
[   56.982817] vgaarb: loaded
[   57.029423] vgaarb: bridge control possible 0000:00:02.0
[   57.123689] SCSI subsystem initialized
[   57.193769] ACPI: bus type USB registered
[   57.285203] usbcore: registered new interface driver usbfs
[   57.423113] usbcore: registered new interface driver hub
[   57.550829] usbcore: registered new device driver usb
[   57.676241] PCI: Using ACPI for IRQ routing
[   57.776115] NetLabel: Initializing
[   57.853864] NetLabel:  domain hash size = 128
[   57.959252] NetLabel:  protocols = UNLABELED CIPSOv4
[   58.074003] NetLabel:  unlabeled traffic allowed by default
[   58.224773] amd_nb: Cannot enumerate AMD northbridges
[   58.352082] clocksource: Switched to clocksource kvm-clock
[   58970]ppmo AArr lest Ebld
[ 59368]npPnAC it  9.71] p:nPCP fnd dic
[   59.978240] clocksource: acpi_pm: mask: 0xffffff max_cycles: 0xffffff, max_idle_ns: 2085701024nns
[   60.825625] NET: Registered protocol family 2
[   61.185461] TCP established hash table entries: 8192 (order: 4, 65536 bytes)
[   61.365395] TCP bind hash table entries: 8192 (order: 5, 131072 bytes)
[   61.955603] TCP: Hash tables configured (established 8192 bind 8192)
[   62.585526] UDP hash table entries: 512 (order: 2, 16384 bytes)
[   63.165403] UDP-Lite hash table entries: 512 (order: 2, 16384 bytes)
[   63.755484] NET: Registered protocol family 1
[   64.165299] pci 0000:00:00.0: Limiting direct PCI/PCI transfers
[   64.705500] pci 0000:00:01.0: Activating ISA DMA hang wrrkarounds
[   65.325777] Trying to unpack rootfs image as initramfs...
[   67.027489] Freeing initrd memory: 7280K (ffff8800371b8000 - ffff8800378d4000)
[   67.175494] platform rtc_cmos: registeredplfo R dic(nPNdeceou)  7.627] Scanning for lo morcouponve 6send
[ 68353]scRened TSC clocksource calibration: 2808.073 MHz

[   .830 fexhash table entries: 512 (order: 3, 32768 bytes)
[   8.53] di itiizg tlk bs (saed
[   68.815341] audit: type=2000 audit(1474022827.786:1): initialized
[   68.815615] Initialise system trusted keyring
[   68.815734] HugeTLB registered 2 MB page size, pre-allocated 0 pages
[   68.817423] zbud: loaded
[   68.817630] VFS: Disk quotas dquot_6.6.0
[   68.817667] VFS: Dquot-cache hash table entries: 512 (order 0, 4096 bytes)
[   68.817964] squashfs: version 4.0 (2009/01/31) Phillip Lougher
[   68.818241] fuse init (API version 7.23)
[   68.818378] Key type big_key registered
[   68.818402] Allocating IMA MOK and blacklist keyrings.
[   68.818616] Key type asymmetric registered
[   68.818621] Asymmetric key parser 'x509' registered
[   68.818658] Block layer SCSI generic (bsg) driver version 0.4 loaded (major 249)
[   68.818677] io scheduler noop registered
[   68.818679] io scheduler deadline registered (default)
[   68.818709] io scheduler cfq registered
[   68.818804] pci_hotplug: PCI Hot Plug PCI Core version: 0.5
[   68.818810] pciehp: PCI Express Hot Plug Controller Driver version: 0.4
[   68.818934] ACPI: AC Adapter [AC] (on-line)
[   68.818993] input: Power Button as /devices/LNXSYSTM:00/LNXPWRBN:00/input/input0
[   68.819003] ACPI: Power Button [PWRF]
[   68.819068] input: Sleep Button as /devices/LNXSYSTM:00/LNXSLPBN:00/input/input1
[   68.819071] ACPI: Sleep Button [SLPF]
[   68.819203] GHES: HEST is not enabled!
[   68.819276] Serial: 8250/16550 driver, 32 ports, IRQ sharing enabled
[   69.256478] 00:02: ttyS0 at I/O 0x3f8 (irq = 4, base_baud = 115200) is a 16550A
[   69.902084] Linux agpgart interface v0.103
[   70.452276] ACPI: Battery Slot [BAT0] (battery present)
[   70.871773] brd: module loaded
[   70.872627] loop: module loaded
[   70.873200] scsi host0: ata_piix
[   70.873271] scsi host1: ata_piix
[   70.873296] ata1: PATA max UDMA/33 cmd 0x1f0 ctl 0x3f6 bmdma 0xd000 irq 14
[   70.873297] ata2: PATA max UDMA/33 cmd 0x170 ctl 0x376 bmdma 0xd008 irq 15
[   70.873364] libphy: Fixed MDIO Bus: probed
[   70.873366] tun: Universal TUN/TAP device driver, 1.6
[   70.873366] tun: (C) 1999-2004 Max Krasnyansky <maxk@qualcomm.com>
[   70.873692] PPP generic driver version 2.4.2
[   70.873749] ehci_hcd: USB 2.0 'Enhanced' Host Controller (EHCI) Driver
[   70.873754] ehci-pci: EHCI PCI platform driver
[   70.873769] ehci-platform: EHCI generic platform driver
[   70.873775] ohci_hcd: USB 1.1 'Open' Host Controller (OHCI) Driver
[   70.873777] ohci-pci: OHCI PCI platform driver
[   70.873784] ohci-platform: OHCI generic platform driver
[   70.873789] uhci_hcd: USB Universal Host Controller Interface driver
[   70.873838] i8042: PNP: PS/2 Controller [PNP0303:PS2K,PNP0f03:PS2M] at 0x60,0x64 irq 1,12
[   70.994032] serio: i8042 KBD port at 0x60,0x64 irq 1
[   70.994037] serio: i8042 AUX port at 0x60,0x64 irq 12
[   70.994146] mousedev: PS/2 mouse device common for all mice
[   70.994368] rtc_cmos rtc_cmos: rtc core: registered rtc_cmos as rtc0
[   70.994416] rtc_cmos rtc_cmos: alarms up to one day, 114 bytes nvram
[   70.994421] i2c /dev entries driver
[   70.994473] device-mapper: uevent: version 1.0.3
[   70.994515] device-mapper: ioctl: 4.34.0-ioctl (2015-10-28) initialised: dm-devel@redhat.com
[   70.994531] ledtrig-cpu: registered to indicate activity on CPUs
[   70.994735] NET: Registered protocol family 10
[   70.994853] NET: Registered protocol family 17
[   70.994862] Key type dns_resolver registered
[   71.195181] microcode: CPU0 sig=0x406e3, pf=0x40, revision=0x0
[   71.195214] microcode: CPU1 sig=0x406e3, pf=0x40, revision=0x0
[   71.195317] microcode: Microcode Update Driver: v2.01 <tigran@aivazian.fsnet.co.uk>, Peter Oruba
[   71.195421] registered taskstats version 1
[   71.195431] Loading compiled-in X.509 certificates
[   71.196054] Loaded X.509 cert 'Build time autogenerated kernel key: 181cd957879f68b474ab1d0c92722cd44e756f77'
[   71.196090] zswap: loaded using pool lzo/zbud
[   71.197663] Key type trusted registered
[   71.200002] Key type encrypted registered
[   71.200009] AppArmor: AppArmor sha1 policy hashing enabled
[   71.200012] ima: No TPM chip found, activating TPM-bypass!
[   71.200031] evm: HMAC attrs: 0x1
[   71.200294]   Magic number: 0:516:780
[   71.555276] rtc_cmos rtc_cmos: setting system clock to 2016-09-16 10:48:03 UTC (1474022883)
[   71.555424] BIOS EDD facility v0.16 2004-Jun-25, 0 devices found
[   71.555424] EDD information not available.
[   72.192961] input: AT Translated Set 2 keyboard as /devices/platform/i8042/serio0/input/input2
[   80.901188] clocksource: tsc: mask: 0xffffffffffffffff max_cycle:: 0x287a0abc67c, max_idle_ns: 440795222581 n
[   81.806833] Freeing unused kernel memory: 1480K (ffffffff81f42000 - ffffffff820b4000)
[   82.655562] Write protecting the kernel read-only data: 14336k
[   83.236441] Freeing unused kernel memory: 1832K (ffff880001836000 - ffff880001a00000)
[   83.885330] Freeing unused kernel memory: 152K (ffff880001dda000 - ffff880001e00000)
Loading, please [   84.643032] random: systemd-udevd urandom read with 11 bits of entropy available
wait...
startin[   85.440550] e1000: Intel(R) PRO/1000 Network Driver - version 7.3.21-k8-NAPI
g version 229
[   85.985392] e1000: Copyright (c) 1999-2006 Intel Corporation.
[   86.312709] Fusion MPT base driver 3.04.20
[   86.430459] Copyright (c) 1999-2008 LSI Corporation
[   86.612596] Fusion MPT SPI Host driver 3.04.20
[   86.786277] AVX version of gcm_enc/dec engaged.
[   86.911088] AES CTR mode by8 optimization enabled
[   86.961567] input: ImExPS/2 Generic Explorer Mouse as /devices/platform/i8042/serio1/input/input4
[   87.266451] e1000 0000:00:03.0 eth0: (PCI:33MHz:32-bit) 02:b6:a4:d7:19:c6
[   87.445473] e1000 0000:00:03.0 eth0: Intel(R) PRO/1000 Network Connection
[   87.617259] mptbase: ioc0: Initiating bringup
[   87.808487] ioc0: LSI53C1030 A0: Capabilities={Initiator}
[   88.878379] scsi host2: ioc0: LSI53C1030 A0, FwRev=00000000h, Ports=1, MaxQ=256, IRQ=20
[   89.805228] floppy0: no floppy controllers found
[   89.937745] scsi 2:0:0:0: Direct-Access     VBOX     HARDDISK         1.0  PQ: 0 ANSI: 5
[   90.136296] scsi target2:0:0: Beginning Domain Validation
[   90.536717] scsi target2:0:0: Domain Validation skipping write tests
[   90.885220] scsi target2:0:0: Ending Domain Validation
[   90.900405] e1000 0000:00:08.0 eth1: (PCI:33MHz:32-bit) 08:00:27:d4:b0:d1
[   90.900410] e1000 0000:00:08.0 eth1: Intel(R) PRO/1000 Network Connection
[   91.655770] e1000 0000:00:03.0 enp0s3: renamed from eth0
[   91.664778] scsi target2:0:0: asynchronous
[   91.915816] scsi 2:0:1:0: Direct-Access     VBOX     HARDDISK         1.0  PQ: 0 ANSI: 5
[   91.915821] scsi target2:0:1: Beginning Domain Validation
[   91.916494] scsi target2:0:1: Domain Validation skipping write tests
[   91.916494] scsi target2:0:1: Ending Domain Validation
[   91.916527] scsi target2:0:1: asynchronous
[   93.663130] sd 2:0:0:0: Attached scsi generic sg0 type 0
[   93.804598] sd 2:0:0:0: [sda] 20971520 512-byte logical blocks: (10.7 GB/10.0 GiB)
[   94.008987] e1000 0000:00:08.0 enp0s8: renamed from eth1
[   94.150174] sd 2:0:1:0: Attached scsi generic sg1 type 0
[   94.150186] sd 2:0:1:0: [sdb] 20480 512-byte logical blocks: (10.5 MB/10.0 MiB)
[   94.150285] sd 2:0:1:0: [sdb] Write Protect is off
[   94.150340] sd 2:0:1:0: [sdb] Incomplete mode parameter data
[   94.150341] sd 2:0:1:0: [sdb] Assuming drive cache: write through
[   94.151323] sd 2:0:1:0: [sdb] Attached SCSI disk
[   94.294991] sd 2:0:0:0: [sda] Write Protect is off
[   94.295350] sd 2:0:0:0: [sda] Incomplete mode parameter data
[   94.295351] sd 2:0:0:0: [sda] Assuming drive cache: write through
[   94.295791]  sda: sda1
[   94.296104] sd 2:0:0:0: [sda] Attached SCSI disk
Begin: Loading e[  100.221633] md: linear personality registered for level -1
ssential drivers[  100.384651] md: multipath personality registered for level -4
 ... [  100.545790] md: raid0 personality registered for level 0
[  100.683467] md: raid1 personality registered for level 1
[  100.892166] raid6: sse2x1   gen()  7345 MB/s
[  101.044158] raid6: sse2x1   xor()  5437 MB/s
[  101.224141] raid6: sse2x2   gen() 10156 MB/s
[  101.372140] raid6: sse2x2   xor()  7196 MB/s
[  101.552199] raid6: sse2x4   gen() 11422 MB/s
[  101.736198] raid6: sse2x4   xor()  8195 MB/s
[  101.851838] raid6: using algorithm sse2x4 gen() 11422 MB/s
[  101.989459] raid6: .... xor() 8195 MB/s, rmw enabled
[  102.135016] raid6: using ssse3x2 recovery algorithm
[  102.279182] xor: automatically using best checksumming function:
[  102.634807]    avx       : 48856.000 MB/sec
[  103.076425] async_tx: api initialized (async)
[  103.484653] md: raid6 personality registered for level 6
[  103.955209] md: raid5 personality registered for level 5
[  104.425115] md: raid4 personality registered for level 4
[  104.871825] md: raid10 personality registered for level 10
done.
Begin: Running /scripts/init-p[  105.052944] Btrfs loaded
remount ... done.
Begin: Mounting root file sys[  105.171500] EXT4-fs (sda1): INFO: recovery required on readonly filesystem
tem ... Begin: R[  105.319652] EXT4-fs (sda1): write access will be enabled during recovery
unning /scripts/local-top ... do[  105.529754] EXT4-fs (sda1): orphan cleanup on readonly fs
[  106.648807] EXT4-fs (sda1): 1 orphan inode deleted
[  107.383119] EXT4-fs (sda1): recovery complete
ne.
Begin: Runn[  107.495421] random: nonblocking pool is initialized
ing /scripts/loc[  108.125732] EXT4-fs (sda1): mounted filesystem with ordered data mode. Opts: (null)
al-premount ... Scanning for Btrfs filesystems
done.
Warning: fsck not present, so skipping root file system
done.
Begin: Running /scripts/local-bottom ... done.
Begin: Running /scripts/init-bottom ... Warning: overlayroot: debug is busted
done.
[  108.646858] systemd[1]: systemd 229 running in system mode. (+PAM +AUDIT +SELINUX +IMA +APPARMOR +SMACK +SYSVINIT +UTMP +LIBCRYPTSETUP +GCRYPT +GNUTLS +ACL +XZ -LZ4 +SECCOMP +BLKID +ELFUTILS +KMOD -IDN)
[  109.094660] systemd[1]: Detected virtualization oracle.
[  109.231468] systemd[1]: Detected architecture x86-64.

Welcome to [1mUbuntu 16.04.1 LTS[0m!

[ 09413015syem1]Sehona t<ubutu>.
[  109.937134] systemd[1]: Initializing machine ID from random generator.
[  110.078029] systemd[1]: Installed transient /etc/machine-id file.
[  110.270765] systemd[1]: Started Forward Password Requests to Wall Directory Watch.
[[0;32m  OK  [0m] Started Forward Password Requests to Wall Directory Watch.
[ 10326]systemd[1]: Lieng  Syslog Socket.
[[0;32m  OK  [0m] Listening on Syslog Socket.
[  111.087] std[: stinondeKenel Socket.
[[0;32m  OK  [0m] Listening on udev Kernel Socket.
[  1116034syem1]Listenng on Journal Socket (/dev/log).
[[0;32m  OK  [0m] Listening on Journal Socket (/dev/log).
[ 12334]ysmd]:reted slice User and Sssn ic
[[0;32m  OK  [0m] Created slice User and Session Slice.
[ 12.845 sstem[1 Ltengn evonoloct.
[[0;32m  OK  [0m] Listening on udev Control Socket.
[ 13755]ysmd]: Set up automount Arbitrary xecutable File Formats Fleysm tounPot.
[[0;32m  OK  [0m] Set up automount Arbitrary Executab...ats File System Automount Point.
[ 145507] syte[1 Lteing on /dev/nitl CompaibitNad pe

[[0;32m  OK  [0m] Listening on /dev/initctl Compatibility Named Pipe.
[ 158874 ste[1 Ltengn M2oldaon socket.
[[0;32m  OK  [0m] Listening on LVM2 poll daemon socket.
[ 16405]ysmd]:iseninoneve-pp entaen FO
[[0;32m  OK  [0m] Listening on Device-mapper event daemon FIFOs.
[ 17653]ysmd]:reedslice System Slice.
[[0;32m  OK  [0m] Created slice System Slice.
[  1.9888] sysem[1 Rch tgeSles

[[0;32m  OK  [0m] Reached target Slices.
[  18.4691syem1]Crtesle syemeral\x2det.sce.
[[0;32m  OK  [0m] Created slice system-serial\x2dgetty.slice.
[  1.251 stemd[1]: Reached target User and Group Name Lookups.
[[0;32m  OK  [0m] Reached target User and Group Name Lookups.
[  19.83] syem1] Listenig  L2 tataaen ck.
[[0;32m  OK  [0m] Listening on LVM2 metadata daemon socket.
[ 20125]systd[: istenig  Jrn Aitoct.
[[0;32m  OK  [0m] Listening on Journal Audit Socket.
[  121.460618] syste[1 Rch tgeEnypd Volume
[[0;32m  OK  [0m] Reached target Encrypted Volumes.
[ 22523]ysmd]:eaedaret Sap

[[0;32m  OK  [0m] Reached target Swap.
[  1.64049syem1] Listeinonourn Ske
[[0;32m  OK  [0m] Listening on Journal Socket.
[  123.232788] systemd[1]: Starting Remount Root and Kernel File Systems...
         [  123.384172] EXT4-fs (sda1): re-mounted. Opts: (null)
Starting Remount Root and Kernel File Systems...
[  123.920867] systemd[1]: Starting Journal Service...
         Starting Journal Service...
[  124.112884] systemd[1]: Starting Monitoring of LVM2 mirrors, snapshots etc. using dmeventd or progress polling...
         Starting Monitoring of LVM2 mirrors... dmeventd or progress polling...
[  124.466142] systemd[1]: Starting Nameserver information manager...
         Starting Nameserver information manager...
[  124.672470] systemd[1]: Starting Create list of required static device nodes for the current kernel...
         Starting Create list of required st... nodes for the current kernel...
[  124.952686] systemd[1]: Mounting POSIX Message Queue File System...
         Mounting POSIX Message Queue File System...
[  125.172421] systemd[1]: Starting Load Kernel Modules...
         [  125.305734] Loading iSCSI transport class v2.0-870.
Starting Load Ke[  125.740479] iscsi: registered transport (tcp)
rnel Modules...[  126.232282] iscsi: registered transport (iser)

[  12669239]ysmd1]:tain Set console keap..
         Starting Set console keymap...
[  127.249152] systemd[1]: Mounting Debug File System...
         Mounting Debug File System...
[  127.440320] systemd[1]: Mounting Huge Pages File System...
         Mounting Huge Pages File System...
[  127.664458] systemd[1]: Starting Uncomplicated firewall...
         Starting Uncomplicated firewall...
[  127.906490] systemd[1]: Mounted Huge Pages File System.
[[0;32m  OK  [0m] Mounted Huge Pages File System.
[ 28124]ysmd]:oued Debug File System.
[[0;32m  OK  [0m] Mounted Debug File System.
[  128.648924] systemd[1]: Mounted POSIX Message uee File System.
[[0;32m  OK  [0m] Mounted POSIX Message Queue File System.
[  1290240syem1]Stte Journl rvce.
[[0;32m  OK  [0m] Started Journal Service.
[[0;32m  OK  [0m] Started Remount Root and Kernel File Systems.
[[0;32m  OK  [0m] Started Create list of required sta...ce nodes for the current kernel.
[[0;32m  OK  [0m] Started Load Kernel Modules.
[[0;32m  OK  [0m] Started Set console keymap.
[[0;32m  OK  [0m] Started Uncomplicated firewall.
[[0;32m  OK  [0m] Started Nameserver information manager.
[[0;32m  OK  [0m] Started LVM2 metadata daemon.
         Starting Apply Kernel Variables...
         Mounting FUSE Control File System...
         Starting Create Static Device Nodes in /dev...
         Starting Load/Save Random Seed...
         Starting udev Coldplug all Devices...
         Starting Flush Journal to Persistent Storage...
[[0;32m  OK  [0m] Mounted FUSE Control File System.
[[0;32m  OK  [0m] Started Monitoring of LVM2 mirrors,...ng dmeventd or progress polling.
[[0;32m  OK  [0m] Started Apply Kernel Variables.
[[0;32m  OK  [0m] Started Create Static Device Nodes in /dev.
[[0;32m  OK  [0m] Started Load/Save Random Seed.
[[0;32m  OK  [0m] Started udev Coldplug all Devices.
[[0;32m  OK  [0m] Started Flush Journal to Persistent Storage.
         Starting udev Kernel Device Manager...
[[0;32m  OK  [0m] Started udev Kernel Device Manager.
[[0;32m  OK  [0m] Reached target Local File Systems (Pre).
[[0;32m  OK  [0m] Reached target Local File Systems.
         Starting Set console font and keymap...
         Starting Initial cloud-init job (pre-networking)...
         Starting LSB: AppArmor initialization...
         Starting Create Volatile Files and Directories...
         Starting Run snappy firstboot setup...
         Starting Commit a transient machine-id on disk...
         Starting Tell Plymouth To Write Out Runtime Data...
[[0;32m  OK  [0m] Started Dispatch Password Requests to Console Directory Watch.
[   75.021435] cloud-init[667]: Cloud-init v. 0.7.7 running 'init-local' at Fri, 16 Sep 2016 10:49:04 +0000. Up 74.78 seconds.
[[0;32m  OK  [0m] Started Set console font and keymap.
[[0;32m  OK  [0m] Started Create Volatile Files and Directories.
[[0;32m  OK  [0m] Started Run snappy firstboot setup.
[[0;32m  OK  [0m] Started Commit a transient machine-id on disk.
[[0;32m  OK  [0m] Started Tell Plymouth To Write Out Runtime Data.
[[0;32m  OK  [0m] Started Initial cloud-init job (pre-networking).
[[0;32m  OK  [0m] Found device /dev/ttyS0.
[[0;32m  OK  [0m] Listening on Load/Save RF Kill Switch Status /dev/rfkill Watch.
[[0;32m  OK  [0m] Reached target Network (Pre).
         Starting Update UTMP about System Boot/Shutdown...
[[0;32m  OK  [0m] Reached target System Time Synchronized.
[[0;32m  OK  [0m] Created slice system-getty.slice.
[[0;32m  OK  [0m] Started LSB: AppArmor initialization.
[[0;32m  OK  [0m] Started Update UTMP about System Boot/Shutdown.
[[0;32m  OK  [0m] Reached target System Initialization.
[[0;32m  OK  [0m] Listening on UUID daemon activation socket.
[[0;32m  OK  [0m] Listening on D-Bus System Message Bus Socket.
[[0;32m  OK  [0m] Started Timer to automatically refresh installed snaps.
[[0;32m  OK  [0m] Started ACPI Events Check.
         Starting Socket activation for snappy daemon.
[[0;32m  OK  [0m] Reached target Paths.
         Starting LXD - unix socket.
[[0;32m  OK  [0m] Started Daily apt activities.
[[0;32m  OK  [0m] Started Daily Cleanup of Temporary Directories.
[[0;32m  OK  [0m] Reached target Timers.
[[0;32m  OK  [0m] Listening on ACPID Listen Socket.
         Starting Raise network interfaces...
[[0;32m  OK  [0m] Listening on Socket activation for snappy daemon.
[[0;32m  OK  [0m] Listening on LXD - unix socket.
[[0;32m  OK  [0m] Reached target Sockets.
[[0;32m  OK  [0m] Reached target Basic System.
[[0;32m  OK  [0m] Started ACPI event daemon.
[[0;32m  OK  [0m] Started Deferred execution scheduler.
         Starting Accounts Service...
         Starting LSB: Record successful boot for GRUB...
[[0;32m  OK  [0m] Started D-Bus System Message Bus.
[[0;32m  OK  [0m] Started Regular background program processing daemon.
[[0;32m  OK  [0m] Started FUSE filesystem for LXC.
         Starting LXD - container startup/shutdown...
         Starting Login Service...
         Starting LSB: MD monitoring daemon...
         Starting System Logging Service...
[[0;32m  OK  [0m] Started Snappy daemon.
[[0;32m  OK  [0m] Started System Logging Service.
[[0;32m  OK  [0m] Started LXD - container startup/shutdown.
[[0;32m  OK  [0m] Started LSB: Record successful boot for GRUB.
[[0;32m  OK  [0m] Started LSB: MD monitoring daemon.
         Starting Authenticate and Authorize Users to Run Privileged Tasks...
[[0;32m  OK  [0m] Started Login Service.
[[0;32m  OK  [0m] Started Authenticate and Authorize Users to Run Privileged Tasks.
[[0;32m  OK  [0m] Started Accounts Service.
[[0;32m  OK  [0m] Started Raise network interfaces.
         Starting Initial cloud-init job (metadata service crawler)...
[[0;32m  OK  [0m] Reached target Network.
[   80.629741] cloud-init[1022]: Cloud-init v. 0.7.7 running 'init' at Fri, 16 Sep 2016 10:49:10 +0000. Up 80.01 seconds.
[[0;32m  OK  [0m] Started Initial cloud-init job (metadata service crawler).
[   80.735721] cloud-init[1022]: ci-info: ++++++++++++++++++++++++++++++++++++++Net device info++++++++++++++++++++++++++++++++++++++
[   80.965047] [cloud-init[0;32m  OK  [0m[1022]: ] ci-info: +--------+-------+----------------------------+---------------+-------+-------------------+Reached target Cloud-config availability.

[   80.966572] cloud-init[1022]: ci-info: | Device |   Up  |          Address           |      Mask     | Scope |     Hw-Address    |
[[0;32m  OK  [0m] Reached target Network is Online.
[   81.326773] cloud-init[1022]: ci-info: +--------+-------+----------------------------+---------------+-------+-------------------+
[   81.533076]          cloud-initStarting iSCSI initiator daemon (iscsid)...[1022]: 
ci-info: |   lo   |  True |         127.0.0.1          |   255.0.0.0   |   .   |         .         |
[   81.761701]          cloud-initStarting /etc/rc.local Compatibility...[1022]: 
ci-info: |   lo   |  True |          ::1/128           |       .       |  host |         .         |
[   82.008483]          cloud-initStarting Pollinate to seed the pseudo random number generator...[1022]: 
ci-info: | enp0s3 |  True |         10.0.2.15          | 255.255.255.0 |   .   | 02:b6:a4:d7:19:c6 |
[   82.008731] cloud-init[1022]: ci-info: | enp0s3 |  True | fe80::b6:a4ff:fed7:19c6/64 |       .       |  link | 02:b6:a4:d7:19:c6 |
[   82.475248]          Starting Apply the settings specified in cloud-config...
cloud-init[1022]: ci-info: | enp0s8 | False |             .              |       .       |   .   | 08:00:27:d4:b0:d1 |
[   82.832310] [cloud-init[0;32m  OK  [0m[1022]: ] ci-info: +--------+-------+----------------------------+---------------+-------+-------------------+Started /etc/rc.local Compatibility.

[   82.832633] [cloud-init[0;32m  OK  [0m[1022]: ] ci-info: +++++++++++++++++++++++++++Route IPv4 info++++++++++++++++++++++++++++Started iSCSI initiator daemon (iscsid).

[   83.512520]          cloud-initStarting Login to default iSCSI targets...[1022]: 
ci-info: +-------+-------------+----------+---------------+-----------+-------+
[   83.684329] [cloud-init[0;32m  OK  [0m[1022]: ] ci-info: | Route | Destination | Gateway  |    Genmask    | Interface | Flags |Stopped OpenBSD Secure Shell server.

[   83.684798] cloud-init[1022]: ci-info: +-------+-------------+----------+---------------+-----------+-------+
[   83.968289]          cloud-initStarting OpenBSD Secure Shell server...[1022]: 
ci-info: |   0   |   0.0.0.0   | 10.0.2.2 |    0.0.0.0    |   enp0s3  |   UG  |
[   84.124705] [cloud-init[0;32m  OK  [0m[1022]: ] ci-info: |   1   |   10.0.2.0  | 0.0.0.0  | 255.255.255.0 |   enp0s3  |   U   |Started OpenBSD Secure Shell server.

[   84.268620] [cloud-init[0;32m  OK  [0m[1022]: ] ci-info: +-------+-------------+----------+---------------+-----------+-------+Started Login to default iSCSI targets.

[   84.269879] cloud-init[1022]: Generating public/private rsa key pair.
[   84.512664] [cloud-init[0;32m  OK  [0m[1022]: ] Your identification has been saved in /etc/ssh/ssh_host_rsa_key.Started Pollinate to seed the pseudo random number generator.

[   84.513698] cloud-init[1022]: Your public key has been saved in /etc/ssh/ssh_host_rsa_key.pub.
[[0;32m  OK  [0m] Reached target Remote File Systems (Pre).
[[0;32m  OK  [0m] Reached target Remote File Systems.
[   84.772282] cloud-init[1022]: The key fingerprint is:
[   85.076558]          cloud-initStarting LSB: VirtualBox Linux Additions...[1022]: 
SHA256:rTyKf/cXxDfUYlNcJIi44JkQeahTlSmk4VYwT59HbqA root@ubuntu-xenial
         Starting LSB: Set the CPU Frequency Scaling governor to "ondemand"...
[   85.240058] cloud-init[1022]: The key's randomart image is:
         Starting LSB: daemon to balance interrupts for SMP systems...
[   85.400108] cloud-init[1022]: +---[RSA 2048]----+
[   85.536822] cloud-init[1022]: |  +o==oo.. . ..+*|
[   85.537857] cloud-init[1022]: | . B*o==. . . +oo|
         Starting Permit User Sessions...
[   85.538154] cloud-init[1022]: |  +oE=o++.   o.o |
         Starting LSB: automatic crash report generation...
[   85.802711] cloud-init[1022]: | .o   +o..    o..|
[   85.952566] cloud-init[1022]: |   .    S .  . ..|
[   86.013098] cloud-init[1022]: |       . .    .  |
[[0;32m  OK  [0m] Started Apply the settings specified in cloud-config.
[[0;32m  OK  [0m[   86.101073] cloud-init[1022]: |        +      . |
[   86.201141] cloud-init[1022]: |     . ....   .  |
[   86.201376] cloud-init[1022]: |    ..o. . ...   |
[   86.201572] cloud-init[1022]: +----[SHA256]-----+
[   86.201765] cloud-init[1022]: Generating public/private dsa key pair.
[   86.201948] cloud-init[1022]: Your identification has been saved in /etc/ssh/ssh_host_dsa_key.
[   86.202131] cloud-init[1022]: Your public key has been saved in /etc/ssh/ssh_host_dsa_key.pub.
[   86.202321] cloud-init[1022]: The key fingerprint is:
[   86.202500] cloud-init[1022]: SHA256:p2+WNKoR+Javrzb8Y/Bu2koO9F3P8+03WNQp7oMMkbA root@ubuntu-xenial
[   86.202679] cloud-init[1022]: The key's randomart image is:
[   86.202857] cloud-init[1022]: +---[DSA 1024]----+
[   86.203032] cloud-init[1022]: |                 |
[   86.203208] cloud-init[1022]: |       .         |
[   86.203383] cloud-init[1022]: |        o .     o|
[   86.203559] cloud-init[1022]: |     . E o   . o.|
[   86.203738] cloud-init[1022]: |    o . S + . o  |
[   86.203942] cloud-init[1022]: |   . o.+ =oo . . |
[   86.204300] cloud-init[1022]: |    ..Booooo* o  |
[   86.204492] cloud-init[1022]: |     =++*.+o * o.|
[   86.204692] cloud-init[1022]: |     .B&*+.   o.=|
[   86.204877] cloud-init[1022]: +----[SHA256]-----+
[   86.205054] cloud-init[1022]: Generating public/private ecdsa key pair.
[   86.205232] cloud-init[1022]: Your identification has been saved in /etc/ssh/ssh_host_ecdsa_key.
[   86.205420] cloud-init[1022]: Your public key has been saved in /etc/ssh/ssh_host_ecdsa_key.pub.
[   86.205598] cloud-init[1022]: The key fingerprint is:
[   86.205795] cloud-init[1022]: SHA256:IE0RR49FgU2vECm/aSQMeFppR+WYVradGEB48/fOUvQ root@ubuntu-xenial
[   86.205979] cloud-init[1022]: The key's randomart image is:
[   86.206151] cloud-init[1022]: +---[ECDSA 256]---+
[   86.206405] cloud-init[1022]: |   . =B*O*=.     |
[   86.206638] cloud-init[1022]: |  . Bo=BoX.o     |
[   86.206835] cloud-init[1022]: |   =.=*=* + .    |
[   86.207060] cloud-init[1022]: |  .  oo.+....    |
[   86.207327] cloud-init[1022]: |       oS+.o .   |
] Started Permit User Sessions.
[   86.208787] cloud-init[1022]: |        +   o E  |
[   88.828861] cloud-init[1022]: |       .   +     |
[[0;32m  OK  [0m] Started LSB: Set the CPU Frequency Scaling governor to "ondemand".
[[0;32m  OK  [0m] Started LSB: VirtualBox Linux Additions.
[   88.903345] cloud-init[1022]: |          . o    |
[   89.113400] [[0;32m  OK  [0m] Created slice User Slice of ubuntu.
cloud-init[1022]: |           .     |
[   89.252918]          cloud-initStarting User Manager for UID 1000...[1022]: 
+----[SHA256]-----+
[   89.409961] [[0;32m  OK  [0m] Started Session 1 of user ubuntu.
cloud-init[1022]: Generating public/private ed25519 key pair.
[   89.533767]          cloud-initStarting Hold until boot process finishes up...[1022]: 
Your identification has been saved in /etc/ssh/ssh_host_ed25519_key.
[   89.718585]          cloud-initStarting Terminate Plymouth Boot Screen...[1022]: 
Your public key has been saved in /etc/ssh/ssh_host_ed25519_key.pub.
[   90.117512]          cloud-initStarting Execute cloud user/final scripts...[1022]: 
The key fingerprint is:
[   90.280601] [cloud-init[0;32m  OK  [0m[1022]: ] SHA256:FBKaFSTYoVvy+uTT5wWrMRo0Ebn99M12TLoiPes282A root@ubuntu-xenialStarted User Manager for UID 1000.

[   90.280983] cloud-init[1022]: The key's randomart image is:
[[0;32m  OK  [0m] Started LSB: daemon to balance interrupts for SMP systems.
[   90.431995] cloud-init[1022]: +--[ED25519 256]--+
[   90.432920] cloud-init[1022]: |   o++*o.        |
[   90.433260] cloud-init[1022]: |  ..o* . .       |
[   90.433482] cloud-init[1022]: |  o =o  .        |
[   90.433706] cloud-init[1022]: |   =.....     .  |
[   90.433970] cloud-init[1022]: |  . +  oS. o +   |
[   90.434181] cloud-init[1022]: |   o .  .o. = o  |
[   90.434388] cloud-init[1022]: |  . o.o ..E. o   |
[[0;32m  OK  [0m] Started LSB: automatic crash report generation.
[   90.434731] cloud-init[1022]: |   +.o.+ooB..    |
[   90.437766] cloud-init[1022]: |    +..o.+oB.    |
[[0;32m  OK  [0m] Started Hold until boot process finishes up.
[   90.438281] cloud-init[1022]: +----[SHA256]-----+
[[0;32m  OK  [0m] Started Terminate Plymouth Boot Screen.
ci-info: no authorized ssh keys fingerprints found for user ubuntu.
[   90.445811] [cloud-init[0;32m  OK  [0m[1136]: ] Generating locales (this might take a while)...Started Getty on tty1.

[   91.555877] cloud-init[1136]:   en_US.UTF-8... done
[   91.716299] [cloud-init[0;32m  OK  [0m[1136]: ] Generation complete.Started Serial Getty on ttyS0.

[   91.716614] [cloud-init[0;32m  OK  [0m[1136]: ] Cloud-init v. 0.7.7 running 'modules:config' at Fri, 16 Sep 2016 10:49:12 +0000. Up 82.62 seconds.Reached target Login Prompts.

<14>Sep 16 10:49:21 ec2: 
<14>Sep 16 10:49:21 ec2: #############################################################
<14>Sep 16 10:49:21 ec2: -----BEGIN SSH HOST KEY FINGERPRINTS-----
<14>Sep 16 10:49:21 ec2: 1024 SHA256:p2+WNKoR+Javrzb8Y/Bu2koO9F3P8+03WNQp7oMMkbA root@ubuntu-xenial (DSA)
<14>Sep 16 10:49:21 ec2: 256 SHA256:IE0RR49FgU2vECm/aSQMeFppR+WYVradGEB48/fOUvQ root@ubuntu-xenial (ECDSA)
<14>Sep 16 10:49:21 ec2: 256 SHA256:FBKaFSTYoVvy+uTT5wWrMRo0Ebn99M12TLoiPes282A root@ubuntu-xenial (ED25519)
<14>Sep 16 10:49:21 ec2: 2048 SHA256:rTyKf/cXxDfUYlNcJIi44JkQeahTlSmk4VYwT59HbqA root@ubuntu-xenial (RSA)
<14>Sep 16 10:49:21 ec2: -----END SSH HOST KEY FINGERPRINTS-----
<14>Sep 16 10:49:21 ec2: #############################################################
-----BEGIN SSH HOST KEY KEYS-----
ecdsa-sha2-nistp256 AAAAE2VjZHNhLXNoYTItbmlzdHAyNTYAAAAIbmlzdHAyNTYAAABBBKe6L8FfYJcCznAACvy02cPZUeCp22hklTm5AeZqsy6mZe++kCmbtvnB7qyGNLLJoXzsld2fO7hTd1hec65ZjYI= root@ubuntu-xenial
ssh-ed25519 AAAAC3NzaC1lZDI1NTE5AAAAIH13CJU76hYloZ5OuulQaeGcfzTYCjmv2QswIUiTgZEf root@ubuntu-xenial
ssh-rsa AAAAB3NzaC1yc2EAAAADAQABAAABAQCum65QF9hbyxhenIi0dYyIS8kQyqLYirVS483Npzvp0m23HKYY8+qv1rET9v0rfP1nBM+3nC++fQjKBsGizKabemj7i2HyUOW3qnjaWDEd72cG5HKF3YmU28bZ9nKQQ5JgBdvohO1Srxy7/TAedHH1COjDWc94utCI+Ag/zifteeJxhaZMobv4WMif3+LIPqk7DO3ZrGhsc25KLm6Ad0tIv9rMnK6RgNdGxofTiuChuvWPJJilsE1fUe895qijUyWGxC8/xoGNhcrMFn3B7YjTAqD0mk/fjXoY1n8ma0M+EQGcvNaE9Rza36sHkRbnmOmnb5ZNCF9dJPPuUNNqOPuf root@ubuntu-xenial
-----END SSH HOST KEY KEYS-----
         Starting Set console scheme...
[[0;32m  OK  [0m] Started Set console scheme.
[   93.987791] cloud-init[1315]: Cloud-init v. 0.7.7 running 'modules:final' at Fri, 16 Sep 2016 10:49:20 +0000. Up 90.14 seconds.
[   94.219699] [cloud-init[0;32m  OK  [0m[1315]: ] ci-info: no authorized ssh keys fingerprints found for user ubuntu.Started Execute cloud user/final scripts.

[   94.221674] cloud-init[1315]: Cloud-init v. 0.7.7 finished at Fri, 16 Sep 2016 10:49:23 +0000. Datasource DataSourceNoCloud [seed=/dev/sdb][dsmode=net].  Up 93.93 seconds
[[0;32m  OK  [0m] Reached target Cloud-init target.
[[0;32m  OK  [0m] Reached target Multi-User System.
[[0;32m  OK  [0m] Reached target Graphical Interface.
         Starting Update UTMP about System Runlevel Changes...
         Starting Notify bootloader that boot was successful...
[[0;32m  OK  [0m] Started Notify bootloader that boot was successful.
[[0;32m  OK  [0m] Started Update UTMP about System Runlevel Changes.

Ubuntu 16.04.1 LTS ubuntu-xenial ttyS0

ubuntu-xenial login: 